[90m2026-04-14 11:12:41.030877[0m [90meve-img[0m [36mngfw-logger[346638][0m: [90mDEBG Command: cat /proc/meminfo | grep Huge[0m
[90m2026-04-14 11:12:41.046530[0m [90meve-img[0m [36mngfw_configure_[346626][0m: [37mFind severity TRACE for module configurator_dpdk[0m
[90m2026-04-14 11:12:41.046530[0m [90meve-img[0m [36mngfw_configure_[346626][0m: [37mSet severity TRACE for logger[0m
[90m2026-04-14 11:12:41.051623[0m [90meve-img[0m [36mngfw-logger[346638][0m: [90mDEBG Output comand:[0m
					[90mAnonHugePages:         0 kB[0m
					[90mShmemHugePages:        0 kB[0m
					[90mFileHugePages:         0 kB[0m
					[90mHugePages_Total:    1024[0m
					[90mHugePages_Free:       40[0m
					[90mHugePages_Rsvd:        0[0m
					[90mHugePages_Surp:        0[0m
					[90mHugepagesize:       2048 kB[0m
					[90mHugetlb:         2097152 kB[0m
					[90m[0m
[90m2026-04-14 11:12:41.051909[0m [90meve-img[0m [36mngfw-logger[346638][0m: [37mINFO Informations of hugepages: HugePages_Total: 1024 Hugepagesize: 2048 Hugetlb: 2097152[0m
[90m2026-04-14 11:12:41.052076[0m [90meve-img[0m [36mngfw-logger[346638][0m: [90mDEBG Attempt allocate memory hugepages[0m
[90m2026-04-14 11:12:41.052176[0m [90meve-img[0m [36mngfw-logger[346638][0m: [90mDEBG mem_info == {'HugePages_Total': '1024', 'Hugepagesize': '2048', 'Hugetlb': '2097152'}[0m
